./sdk/CMSIS/Include/core_cm4.h:1667:26:__NVIC_GetPriorityGrouping	0	static
./sdk/STM32G4xx_HAL_Driver/Inc/stm32g4xx_ll_bus.h:451:22:LL_AHB2_GRP1_EnableClock	8	static
./sdk/STM32G4xx_HAL_Driver/Inc/stm32g4xx_ll_gpio.h:894:22:LL_GPIO_SetOutputPin	0	static
./sdk/STM32G4xx_HAL_Driver/Inc/stm32g4xx_ll_gpio.h:923:22:LL_GPIO_ResetOutputPin	0	static
./sdk/STM32G4xx_HAL_Driver/Inc/stm32g4xx_ll_usart.h:4274:22:LL_USART_TransmitData8.constprop	0	static
./sdk/STM32G4xx_HAL_Driver/Inc/stm32g4xx_ll_usart.h:4251:25:LL_USART_ReceiveData8.constprop	0	static
./sdk/STM32G4xx_HAL_Driver/Inc/stm32g4xx_ll_usart.h:3478:22:LL_USART_EnableIT_RXNE_RXFNE.constprop	0	static
./sdk/STM32G4xx_HAL_Driver/Inc/stm32g4xx_ll_usart.h:3204:26:LL_USART_IsActiveFlag_REACK.constprop	0	static
./sdk/STM32G4xx_HAL_Driver/Inc/stm32g4xx_ll_usart.h:3193:26:LL_USART_IsActiveFlag_TEACK.constprop	0	static
./sdk/STM32G4xx_HAL_Driver/Inc/stm32g4xx_ll_usart.h:3023:26:LL_USART_IsActiveFlag_TXE_TXFNF.constprop	0	static
./sdk/STM32G4xx_HAL_Driver/Inc/stm32g4xx_ll_usart.h:3008:26:LL_USART_IsActiveFlag_TC.constprop	0	static
./sdk/STM32G4xx_HAL_Driver/Inc/stm32g4xx_ll_usart.h:2997:26:LL_USART_IsActiveFlag_RXNE_RXFNE.constprop	0	static
./sdk/STM32G4xx_HAL_Driver/Inc/stm32g4xx_ll_usart.h:2673:22:LL_USART_ConfigAsyncMode.constprop	0	static
./sdk/STM32G4xx_HAL_Driver/Inc/stm32g4xx_ll_usart.h:757:22:LL_USART_SetRXFIFOThreshold.constprop	0	static
./sdk/STM32G4xx_HAL_Driver/Inc/stm32g4xx_ll_usart.h:718:22:LL_USART_SetTXFIFOThreshold.constprop	0	static
./sdk/STM32G4xx_HAL_Driver/Inc/stm32g4xx_ll_usart.h:685:22:LL_USART_DisableFIFO.constprop	0	static
./sdk/STM32G4xx_HAL_Driver/Inc/stm32g4xx_ll_usart.h:634:22:LL_USART_Enable.constprop	0	static
./sdk/STM32G4xx_HAL_Driver/Inc/stm32g4xx_ll_bus.h:1427:22:LL_APB2_GRP1_EnableClock.constprop	8	static
./sdk/STM32G4xx_HAL_Driver/Inc/stm32g4xx_ll_rcc.h:1527:22:LL_RCC_SetUSARTClockSource.constprop	0	static
./sdk/CMSIS/Include/core_cm4.h:1856:26:NVIC_EncodePriority.constprop	0	static
./sdk/CMSIS/Include/core_cm4.h:1809:22:__NVIC_SetPriority.constprop	0	static
./sdk/CMSIS/Include/core_cm4.h:1679:22:__NVIC_EnableIRQ.constprop	0	static
io_cfg.c:10:6:led_init	32	static
io_cfg.c:26:6:led_pc6_on	0	static
io_cfg.c:30:6:led_pc6_off	0	static
io_cfg.c:34:6:led_pb10_on	0	static
io_cfg.c:38:6:led_pb10_off	0	static
io_cfg.c:42:6:led_pb11_on	0	static
io_cfg.c:46:6:led_pb11_off	0	static
io_cfg.c:50:6:usart1_init	80	static
io_cfg.c:100:6:usart1_put_char	8	static
io_cfg.c:108:9:usart1_get_char	16	static
io_cfg.c:117:6:io_init	0	static
