../../../sources/src/message.c:43:6:pure_msg_init	8	static
../../../sources/src/message.c:120:6:common_msg_init	8	static
../../../sources/src/message.c:227:6:dynamic_msg_init	8	static
../../../sources/src/message.c:69:11:get_pure_msg	8	static
../../../sources/src/message.c:97:6:free_pure_msg	8	static
../../../sources/src/message.c:112:9:get_pure_msg_free	0	static
../../../sources/src/message.c:146:11:get_common_msg	8	static
../../../sources/src/message.c:173:6:set_data_common_msg	8	static
../../../sources/src/message.c:191:10:get_data_common_msg	8	static
../../../sources/src/message.c:204:6:free_common_msg	8	static
../../../sources/src/message.c:219:9:get_common_msg_free	0	static
../../../sources/src/message.c:252:11:get_dynamic_msg	8	static
../../../sources/src/message.c:280:6:set_data_dynamic_msg	24	static
../../../sources/src/message.c:295:10:get_data_dynamic_msg	8	static
../../../sources/src/message.c:308:6:free_dynamic_msg	8	static
../../../sources/src/message.c:325:9:get_dynamic_msg_free	0	static
../../../sources/src/message.c:335:6:msg_init	8	static
../../../sources/src/message.c:352:6:free_msg	8	static
