Archive member included to satisfy reference by file (symbol)

/mnt/d/GaoDen/dev/tools/gcc-arm-none-eabi-10.3-2021.10/arm-none-eabi/lib/thumb/v7e-m+fp/hard/libc.a(lib_a-memcpy.o)
                              build/mailbox.o (memcpy)
/mnt/d/GaoDen/dev/tools/gcc-arm-none-eabi-10.3-2021.10/arm-none-eabi/lib/thumb/v7e-m+fp/hard/libc.a(lib_a-memset.o)
                              build/task.o (memset)
/mnt/d/GaoDen/dev/tools/gcc-arm-none-eabi-10.3-2021.10/arm-none-eabi/lib/thumb/v7e-m+fp/hard/libc.a(lib_a-strlen.o)
                              build/xprintf.o (strlen)
/mnt/d/GaoDen/dev/tools/gcc-arm-none-eabi-10.3-2021.10/lib/gcc/arm-none-eabi/10.3.1/thumb/v7e-m+fp/hard/libgcc.a(_arm_muldf3.o)
                              build/xprintf.o (__aeabi_dmul)
/mnt/d/GaoDen/dev/tools/gcc-arm-none-eabi-10.3-2021.10/lib/gcc/arm-none-eabi/10.3.1/thumb/v7e-m+fp/hard/libgcc.a(_arm_addsubdf3.o)
                              build/xprintf.o (__aeabi_dsub)
/mnt/d/GaoDen/dev/tools/gcc-arm-none-eabi-10.3-2021.10/lib/gcc/arm-none-eabi/10.3.1/thumb/v7e-m+fp/hard/libgcc.a(_arm_muldivdf3.o)
                              build/xprintf.o (__aeabi_ddiv)
/mnt/d/GaoDen/dev/tools/gcc-arm-none-eabi-10.3-2021.10/lib/gcc/arm-none-eabi/10.3.1/thumb/v7e-m+fp/hard/libgcc.a(_arm_cmpdf2.o)
                              build/xprintf.o (__aeabi_dcmpeq)
/mnt/d/GaoDen/dev/tools/gcc-arm-none-eabi-10.3-2021.10/lib/gcc/arm-none-eabi/10.3.1/thumb/v7e-m+fp/hard/libgcc.a(_arm_unorddf2.o)
                              build/xprintf.o (__aeabi_dcmpun)
/mnt/d/GaoDen/dev/tools/gcc-arm-none-eabi-10.3-2021.10/lib/gcc/arm-none-eabi/10.3.1/thumb/v7e-m+fp/hard/libgcc.a(_arm_fixdfsi.o)
                              build/xprintf.o (__aeabi_d2iz)
/mnt/d/GaoDen/dev/tools/gcc-arm-none-eabi-10.3-2021.10/lib/gcc/arm-none-eabi/10.3.1/thumb/v7e-m+fp/hard/libgcc.a(_aeabi_uldivmod.o)
                              build/xprintf.o (__aeabi_uldivmod)
/mnt/d/GaoDen/dev/tools/gcc-arm-none-eabi-10.3-2021.10/lib/gcc/arm-none-eabi/10.3.1/thumb/v7e-m+fp/hard/libgcc.a(_udivmoddi4.o)
                              /mnt/d/GaoDen/dev/tools/gcc-arm-none-eabi-10.3-2021.10/lib/gcc/arm-none-eabi/10.3.1/thumb/v7e-m+fp/hard/libgcc.a(_aeabi_uldivmod.o) (__udivmoddi4)
/mnt/d/GaoDen/dev/tools/gcc-arm-none-eabi-10.3-2021.10/lib/gcc/arm-none-eabi/10.3.1/thumb/v7e-m+fp/hard/libgcc.a(_dvmd_tls.o)
                              /mnt/d/GaoDen/dev/tools/gcc-arm-none-eabi-10.3-2021.10/lib/gcc/arm-none-eabi/10.3.1/thumb/v7e-m+fp/hard/libgcc.a(_aeabi_uldivmod.o) (__aeabi_ldiv0)

Discarded input sections

 .text          0x0000000000000000        0x0 build/system_stm32g4xx.o
 .data          0x0000000000000000        0x0 build/system_stm32g4xx.o
 .bss           0x0000000000000000        0x0 build/system_stm32g4xx.o
 .text.SystemCoreClockUpdate
                0x0000000000000000       0x78 build/system_stm32g4xx.o
 .text          0x0000000000000000        0x0 build/stm32g4xx_ll_pwr.o
 .data          0x0000000000000000        0x0 build/stm32g4xx_ll_pwr.o
 .bss           0x0000000000000000        0x0 build/stm32g4xx_ll_pwr.o
 .text.LL_APB1_GRP1_ReleaseReset.constprop.0
                0x0000000000000000       0x10 build/stm32g4xx_ll_pwr.o
 .text.LL_APB1_GRP1_ForceReset.constprop.0
                0x0000000000000000       0x10 build/stm32g4xx_ll_pwr.o
 .text.LL_PWR_DeInit
                0x0000000000000000        0xe build/stm32g4xx_ll_pwr.o
 .debug_info    0x0000000000000000      0x3aa build/stm32g4xx_ll_pwr.o
 .debug_abbrev  0x0000000000000000      0x12b build/stm32g4xx_ll_pwr.o
 .debug_aranges
                0x0000000000000000       0x30 build/stm32g4xx_ll_pwr.o
 .debug_ranges  0x0000000000000000       0x20 build/stm32g4xx_ll_pwr.o
 .debug_line    0x0000000000000000      0x1f4 build/stm32g4xx_ll_pwr.o
 .debug_str     0x0000000000000000      0x375 build/stm32g4xx_ll_pwr.o
 .comment       0x0000000000000000       0x4a build/stm32g4xx_ll_pwr.o
 .debug_frame   0x0000000000000000       0x48 build/stm32g4xx_ll_pwr.o
 .ARM.attributes
                0x0000000000000000       0x34 build/stm32g4xx_ll_pwr.o
 .text          0x0000000000000000        0x0 build/stm32g4xx_ll_utils.o
 .data          0x0000000000000000        0x0 build/stm32g4xx_ll_utils.o
 .bss           0x0000000000000000        0x0 build/stm32g4xx_ll_utils.o
 .text.LL_RCC_HSE_EnableBypass
                0x0000000000000000       0x10 build/stm32g4xx_ll_utils.o
 .text.LL_RCC_HSE_DisableBypass
                0x0000000000000000       0x10 build/stm32g4xx_ll_utils.o
 .text.LL_RCC_HSE_Enable
                0x0000000000000000       0x10 build/stm32g4xx_ll_utils.o
 .text.LL_RCC_HSE_IsReady
                0x0000000000000000       0x10 build/stm32g4xx_ll_utils.o
 .text.LL_RCC_HSI_Enable
                0x0000000000000000       0x10 build/stm32g4xx_ll_utils.o
 .text.LL_RCC_HSI_IsReady
                0x0000000000000000       0x10 build/stm32g4xx_ll_utils.o
 .text.LL_RCC_GetSysClkSource
                0x0000000000000000       0x10 build/stm32g4xx_ll_utils.o
[...]
Memory Configuration

Name             Origin             Length             Attributes
FLASH            0x0000000008000000 0x000000000001c000 xr
RAM              0x0000000020000000 0x0000000000008000 xrw
*default*        0x0000000000000000 0xffffffffffffffff

Linker script and memory map

                0x0000000000000400                HEAP_SIZE = 0x400

.start_flash    0x0000000008000000        0x0
                0x0000000008000000                _start_flash = .

.isr_vector     0x0000000008000000      0x1d8
                0x0000000008000000                . = ALIGN (0x4)
 *(.isr_vector)
 .isr_vector    0x0000000008000000      0x1d8 build/sys.o
                0x0000000008000000                g_pfnVectors
                0x00000000080001d8                . = ALIGN (0x4)

.text           0x0000000008000200     0x3a14
                0x0000000008000200                . = ALIGN (0x4)
 *(.text)
 .text          0x0000000008000200      0x134 /mnt/d/GaoDen/dev/tools/gcc-arm-none-eabi-10.3-2021.10/arm-none-eabi/lib/thumb/v7e-m+fp/hard/libc.a(lib_a-memcpy.o)
                0x0000000008000200                memcpy
 *fill*         0x0000000008000334        0xc 
 .text          0x0000000008000340       0xdc /mnt/d/GaoDen/dev/tools/gcc-arm-none-eabi-10.3-2021.10/arm-none-eabi/lib/thumb/v7e-m+fp/hard/libc.a(lib_a-strlen.o)
                0x0000000008000340                strlen
 .text          0x000000000800041c      0x378 /mnt/d/GaoDen/dev/tools/gcc-arm-none-eabi-10.3-2021.10/lib/gcc/arm-none-eabi/10.3.1/thumb/v7e-m+fp/hard/libgcc.a(_arm_addsubdf3.o)
                0x000000000800041c                __aeabi_drsub
                0x0000000008000424                __aeabi_dsub
                0x0000000008000424                __subdf3
                0x0000000008000428                __adddf3
                0x0000000008000428                __aeabi_dadd
                0x00000000080006a0                __aeabi_ui2d
                0x00000000080006a0                __floatunsidf
                0x00000000080006c0                __floatsidf
                0x00000000080006c0                __aeabi_i2d
                0x00000000080006e4                __extendsfdf2
                0x00000000080006e4                __aeabi_f2d
                0x0000000008000728                __aeabi_ul2d
                0x0000000008000728                __floatundidf
                0x0000000008000738                __floatdidf
                0x0000000008000738                __aeabi_l2d
 .text          0x0000000008000794      0x424 /mnt/d/GaoDen/dev/tools/gcc-arm-none-eabi-10.3-2021.10/lib/gcc/arm-none-eabi/10.3.1/thumb/v7e-m+fp/hard/libgcc.a(_arm_muldivdf3.o)
                0x0000000008000794                __aeabi_dmul
                0x0000000008000794                __muldf3
                0x00000000080009e8                __aeabi_ddiv
                0x00000000080009e8                __divdf3
 .text          0x0000000008000bb8      0x110 /mnt/d/GaoDen/dev/tools/gcc-arm-none-eabi-10.3-2021.10/lib/gcc/arm-none-eabi/10.3.1/thumb/v7e-m+fp/hard/libgcc.a(_arm_cmpdf2.o)
                0x0000000008000bb8                __gtdf2
                0x0000000008000bb8                __gedf2
                0x0000000008000bc0                __ltdf2
                0x0000000008000bc0                __ledf2
                0x0000000008000bc8                __cmpdf2
                0x0000000008000bc8                __eqdf2
                0x0000000008000bc8                __nedf2
                0x0000000008000c44                __aeabi_cdrcmple
                0x0000000008000c54                __aeabi_cdcmple
                0x0000000008000c54                __aeabi_cdcmpeq
                0x0000000008000c64                __aeabi_dcmpeq
                0x0000000008000c78                __aeabi_dcmplt
                0x0000000008000c8c                __aeabi_dcmple
                0x0000000008000ca0                __aeabi_dcmpge
                0x0000000008000cb4                __aeabi_dcmpgt
 .text          0x0000000008000cc8       0x2c /mnt/d/GaoDen/dev/tools/gcc-arm-none-eabi-10.3-2021.10/lib/gcc/arm-none-eabi/10.3.1/thumb/v7e-m+fp/hard/libgcc.a(_arm_unorddf2.o)
                0x0000000008000cc8                __aeabi_dcmpun
                0x0000000008000cc8                __unorddf2
 .text          0x0000000008000cf4       0x50 /mnt/d/GaoDen/dev/tools/gcc-arm-none-eabi-10.3-2021.10/lib/gcc/arm-none-eabi/10.3.1/thumb/v7e-m+fp/hard/libgcc.a(_arm_fixdfsi.o)
                0x0000000008000cf4                __fixdfsi
                0x0000000008000cf4                __aeabi_d2iz
 .text          0x0000000008000d44       0x30 /mnt/d/GaoDen/dev/tools/gcc-arm-none-eabi-10.3-2021.10/lib/gcc/arm-none-eabi/10.3.1/thumb/v7e-m+fp/hard/libgcc.a(_aeabi_uldivmod.o)
                0x0000000008000d44                __aeabi_uldivmod
 .text          0x0000000008000d74      0x2d0 /mnt/d/GaoDen/dev/tools/gcc-arm-none-eabi-10.3-2021.10/lib/gcc/arm-none-eabi/10.3.1/thumb/v7e-m+fp/hard/libgcc.a(_udivmoddi4.o)
                0x0000000008000d74                __udivmoddi4
 .text          0x0000000008001044        0x4 /mnt/d/GaoDen/dev/tools/gcc-arm-none-eabi-10.3-2021.10/lib/gcc/arm-none-eabi/10.3.1/thumb/v7e-m+fp/hard/libgcc.a(_dvmd_tls.o)
                0x0000000008001044                __aeabi_ldiv0
                0x0000000008001044                __aeabi_idiv0
 *(.text*)
 .text.SystemInit
                0x0000000008001048       0x14 build/system_stm32g4xx.o
                0x0000000008001048                SystemInit
 .text.LL_GPIO_SetPinOutputType
                0x000000000800105c        0xe build/stm32g4xx_ll_gpio.o
 .text.LL_GPIO_SetPinMode
                0x000000000800106a       0x2a build/stm32g4xx_ll_gpio.o
 .text.LL_GPIO_SetPinSpeed
                0x0000000008001094       0x2a build/stm32g4xx_ll_gpio.o
 .text.LL_GPIO_SetPinPull
                0x00000000080010be       0x2a build/stm32g4xx_ll_gpio.o
 .text.LL_GPIO_SetAFPin_0_7
                0x00000000080010e8       0x2a build/stm32g4xx_ll_gpio.o
 .text.LL_GPIO_SetAFPin_8_15
                0x0000000008001112       0x2c build/stm32g4xx_ll_gpio.o
 .text.LL_GPIO_Init
                0x000000000800113e       0x74 build/stm32g4xx_ll_gpio.o
                0x000000000800113e                LL_GPIO_Init
 *fill*         0x00000000080011b2        0x2 
 .text.LL_RCC_HSI_IsReady
                0x00000000080011b4       0x10 build/stm32g4xx_ll_rcc.o
 .text.LL_RCC_LSE_IsReady
                0x00000000080011c4       0x10 build/stm32g4xx_ll_rcc.o
 .text.LL_RCC_GetSysClkSource
                0x00000000080011d4       0x10 build/stm32g4xx_ll_rcc.o
 .text.LL_RCC_GetAHBPrescaler
                0x00000000080011e4       0x10 build/stm32g4xx_ll_rcc.o
 .text.LL_RCC_GetAPB1Prescaler
                0x00000000080011f4       0x10 build/stm32g4xx_ll_rcc.o
 .text.LL_RCC_GetAPB2Prescaler
                0x0000000008001204       0x10 build/stm32g4xx_ll_rcc.o
 .text.LL_RCC_GetUSARTClockSource
                0x0000000008001214       0x14 build/stm32g4xx_ll_rcc.o
 .text.LL_RCC_PLL_GetMainSource
                0x0000000008001228       0x10 build/stm32g4xx_ll_rcc.o
 .text.LL_RCC_PLL_GetN
                0x0000000008001238       0x10 build/stm32g4xx_ll_rcc.o
 .text.LL_RCC_PLL_GetR
                0x0000000008001248       0x10 build/stm32g4xx_ll_rcc.o
 .text.LL_RCC_PLL_GetDivider
                0x0000000008001258       0x10 build/stm32g4xx_ll_rcc.o
 .text.RCC_GetHCLKClockFreq
                0x0000000008001268       0x20 build/stm32g4xx_ll_rcc.o
 .text.RCC_GetPCLK1ClockFreq
                0x0000000008001288       0x1c build/stm32g4xx_ll_rcc.o
 .text.RCC_GetPCLK2ClockFreq
                0x00000000080012a4       0x1c build/stm32g4xx_ll_rcc.o
 .text.RCC_PLL_GetFreqDomain_SYS
                0x00000000080012c0       0x3c build/stm32g4xx_ll_rcc.o
 .text.RCC_GetSystemClockFreq
                0x00000000080012fc       0x28 build/stm32g4xx_ll_rcc.o
 .text.LL_RCC_GetUSARTClockFreq
                0x0000000008001324       0xa4 build/stm32g4xx_ll_rcc.o
                0x0000000008001324                LL_RCC_GetUSARTClockFreq
 .text.LL_RCC_GetUARTClockFreq
                0x00000000080013c8       0x5c build/stm32g4xx_ll_rcc.o
                0x00000000080013c8                LL_RCC_GetUARTClockFreq
 .text.LL_USART_IsEnabled
                0x0000000008001424        0x8 build/stm32g4xx_ll_usart.o
 .text.LL_USART_SetPrescaler
                0x000000000800142c        0xe build/stm32g4xx_ll_usart.o
 .text.LL_USART_SetStopBitsLength
                0x000000000800143a        0xc build/stm32g4xx_ll_usart.o
 .text.LL_USART_SetHWFlowCtrl
                0x0000000008001446        0xc build/stm32g4xx_ll_usart.o
 *fill*         0x0000000008001452        0x2 
 .text.LL_USART_SetBaudRate
                0x0000000008001454       0x44 build/stm32g4xx_ll_usart.o
 .text.LL_USART_Init
                0x0000000008001498       0xa4 build/stm32g4xx_ll_usart.o
                0x0000000008001498                LL_USART_Init
 .text.HAL_InitTick
                0x000000000800153c       0x4c build/stm32g4xx_hal.o
                0x000000000800153c                HAL_InitTick
 .text.HAL_IncTick
                0x0000000008001588       0x18 build/stm32g4xx_hal.o
                0x0000000008001588                HAL_IncTick
 .text.HAL_GetTick
                0x00000000080015a0        0xc build/stm32g4xx_hal.o
                0x00000000080015a0                HAL_GetTick
 .text.__NVIC_SetPriorityGrouping
                0x00000000080015ac       0x24 build/stm32g4xx_hal_cortex.o
 .text.__NVIC_GetPriorityGrouping
                0x00000000080015d0       0x10 build/stm32g4xx_hal_cortex.o
 .text.__NVIC_SetPriority
                0x00000000080015e0       0x28 build/stm32g4xx_hal_cortex.o
 .text.NVIC_EncodePriority
                0x0000000008001608       0x34 build/stm32g4xx_hal_cortex.o
 .text.SysTick_Config
                0x000000000800163c       0x28 build/stm32g4xx_hal_cortex.o
 .text.HAL_NVIC_SetPriorityGrouping
                0x0000000008001664        0x4 build/stm32g4xx_hal_cortex.o
                0x0000000008001664                HAL_NVIC_SetPriorityGrouping
 .text.HAL_NVIC_SetPriority
                0x0000000008001668       0x18 build/stm32g4xx_hal_cortex.o
                0x0000000008001668                HAL_NVIC_SetPriority
 .text.HAL_SYSTICK_Config
                0x0000000008001680        0x4 build/stm32g4xx_hal_cortex.o
                0x0000000008001680                HAL_SYSTICK_Config
 .text.HAL_PWREx_ControlVoltageScaling
                0x0000000008001684       0xb4 build/stm32g4xx_hal_pwr_ex.o
                0x0000000008001684                HAL_PWREx_ControlVoltageScaling
 .text.HAL_PWREx_DisableUCPDDeadBattery
                0x0000000008001738       0x10 build/stm32g4xx_hal_pwr_ex.o
                0x0000000008001738                HAL_PWREx_DisableUCPDDeadBattery
 .text.RCC_GetSysClockFreqFromPLLSource
                0x0000000008001748       0x40 build/stm32g4xx_hal_rcc.o
 .text.HAL_RCC_OscConfig
                0x0000000008001788      0x418 build/stm32g4xx_hal_rcc.o
                0x0000000008001788                HAL_RCC_OscConfig
 .text.HAL_RCC_GetSysClockFreq
                0x0000000008001ba0       0x6c build/stm32g4xx_hal_rcc.o
                0x0000000008001ba0                HAL_RCC_GetSysClockFreq
 .text.HAL_RCC_ClockConfig
                0x0000000008001c0c      0x1b0 build/stm32g4xx_hal_rcc.o
                0x0000000008001c0c                HAL_RCC_ClockConfig
 .text.task_os_idle
                0x0000000008001dbc        0x2 build/task.o
 *fill*         0x0000000008001dbe        0x2 
 .text.task_pool_get
                0x0000000008001dc0       0x4c build/task.o
 .text.task_pool_init
                0x0000000008001e0c       0x64 build/task.o
 .text.task_list_init
                0x0000000008001e70        0x8 build/task.o
                0x0000000008001e70                task_list_init
 .text.task_list_put
                0x0000000008001e78       0x4c build/task.o
                0x0000000008001e78                task_list_put
 .text.task_list_get
                0x0000000008001ec4       0x44 build/task.o
                0x0000000008001ec4                task_list_get
 .text.task_list_get_head
                0x0000000008001f08       0x16 build/task.o
                0x0000000008001f08                task_list_get_head
 *fill*         0x0000000008001f1e        0x2 
 .text.task_list_remove
                0x0000000008001f20       0x84 build/task.o
                0x0000000008001f20                task_list_remove
 .text.task_list_is_available
                0x0000000008001fa4        0xa build/task.o
                0x0000000008001fa4                task_list_is_available
 *fill*         0x0000000008001fae        0x2 
 .text.os_get_state
                0x0000000008001fb0        0xc build/task.o
                0x0000000008001fb0                os_get_state
 .text.task_os_tick_idle
                0x0000000008001fbc       0x24 build/task.o
 .text.os_set_state
                0x0000000008001fe0        0xc build/task.o
                0x0000000008001fe0                os_set_state
 .text.os_banner
                0x0000000008001fec       0x70 build/task.o
                0x0000000008001fec                os_banner
 .text.task_os_pendsv_trigger
                0x000000000800205c        0x4 build/task.o
                0x000000000800205c                task_os_pendsv_trigger
 .text.task_os_pendsv_handler
                0x0000000008002060       0x34 build/task.o
                0x0000000008002060                task_os_pendsv_handler
 .text.task_os_jump_psp
                0x0000000008002094       0x28 build/task.o
                0x0000000008002094                task_os_jump_psp
 .text.task_os_run
                0x00000000080020bc       0x84 build/task.o
                0x00000000080020bc                task_os_run
 .text.task_os_tick
                0x0000000008002140        0xc build/task.o
                0x0000000008002140                task_os_tick
 .text.task_os_scheduler
                0x000000000800214c       0x6c build/task.o
                0x000000000800214c                task_os_scheduler
 .text.task_os_get_current_tcb
                0x00000000080021b8        0xc build/task.o
                0x00000000080021b8                task_os_get_current_tcb
 .text.task_stack_overflow
                0x00000000080021c4       0x94 build/task.o
                0x00000000080021c4                task_stack_overflow
 .text.task_os_set_mask
                0x0000000008002258       0x1c build/task.o
                0x0000000008002258                task_os_set_mask
 .text.task_ready_put
                0x0000000008002274       0x34 build/task.o
                0x0000000008002274                task_ready_put
 .text.task_os_create
                0x00000000080022a8       0xc8 build/task.o
                0x00000000080022a8                task_os_create
 .text.task_os_init
                0x0000000008002370       0xb8 build/task.o
                0x0000000008002370                task_os_init
 .text.task_os_delay_tick.constprop.0
                0x0000000008002428       0x3c build/task.o
 .text.task_os_tick_run
                0x0000000008002464       0x84 build/task.o
 .text.task_os_clear_mask
                0x00000000080024e8       0x20 build/task.o
                0x00000000080024e8                task_os_clear_mask
 .text.task_ready_remove
                0x0000000008002508       0x3c build/task.o
                0x0000000008002508                task_ready_remove
 .text.task_os_delay
                0x0000000008002544       0x2c build/task.o
                0x0000000008002544                task_os_delay
 .text.mailbox_create
                0x0000000008002570       0x7c build/mailbox.o
                0x0000000008002570                mailbox_create
 .text.mailbox_send
                0x00000000080025ec       0xac build/mailbox.o
                0x00000000080025ec                mailbox_send
 .text.mailbox_receive
                0x0000000008002698       0xba build/mailbox.o
                0x0000000008002698                mailbox_receive
 *fill*         0x0000000008002752        0x2 
 .text.mailbox_tick
                0x0000000008002754       0x9c build/mailbox.o
                0x0000000008002754                mailbox_tick
 .text.pure_msg_init
                0x00000000080027f0       0x48 build/message.o
 .text.common_msg_init
                0x0000000008002838       0x50 build/message.o
 .text.dynamic_msg_init
                0x0000000008002888       0x48 build/message.o
 .text.get_pure_msg
                0x00000000080028d0       0x4c build/message.o
                0x00000000080028d0                get_pure_msg
 .text.free_pure_msg
                0x000000000800291c       0x28 build/message.o
                0x000000000800291c                free_pure_msg
 .text.free_common_msg
                0x0000000008002944       0x28 build/message.o
                0x0000000008002944                free_common_msg
 .text.free_dynamic_msg
                0x000000000800296c       0x30 build/message.o
                0x000000000800296c                free_dynamic_msg
 .text.msg_init
                0x000000000800299c       0x12 build/message.o
                0x000000000800299c                msg_init
 *fill*         0x00000000080029ae        0x2 
 .text.free_msg
                0x00000000080029b0       0x48 build/message.o
                0x00000000080029b0                free_msg
 .text.timer_event_pool_init
                0x00000000080029f8       0x3c build/timer.o
                0x00000000080029f8                timer_event_pool_init
 .text.timer_init
                0x0000000008002a34       0x1c build/timer.o
                0x0000000008002a34                timer_init
 .text.timer_delete
                0x0000000008002a50       0x40 build/timer.o
                0x0000000008002a50                timer_delete
 .text.timer_tick
                0x0000000008002a90       0x78 build/timer.o
                0x0000000008002a90                timer_tick
 .text.timer_task
                0x0000000008002b08      0x110 build/timer.o
                0x0000000008002b08                timer_task
 .text.heap_init
                0x0000000008002c18       0x34 build/heap.o
                0x0000000008002c18                heap_init
 .text.heap_malloc
                0x0000000008002c4c       0xd8 build/heap.o
                0x0000000008002c4c                heap_malloc
 .text.heap_free
                0x0000000008002d24       0x8c build/heap.o
                0x0000000008002d24                heap_free
 .text.svc_handler
                0x0000000008002db0        0x2 build/sys.o
 .text.debug_mon_handler
                0x0000000008002db2        0x2 build/sys.o
 .text.sys_cfg_tick
                0x0000000008002db4       0x4c build/sys.o
 .text.sys_cfg_clock
                0x0000000008002e00       0x62 build/sys.o
 .text.usart1_irq_handler
                0x0000000008002e62       0x16 build/sys.o
 .text.default_handler
                0x0000000008002e78       0x20 build/sys.o
 .text.usage_fault_handler
                0x0000000008002e98       0x20 build/sys.o
 .text.bus_fault_handler
                0x0000000008002eb8       0x20 build/sys.o
 .text.mem_manage_handler
                0x0000000008002ed8       0x20 build/sys.o
 .text.hardfault_handler
                0x0000000008002ef8       0x20 build/sys.o
 .text.nmi_handler
                0x0000000008002f18       0x20 build/sys.o
 .text.system_tick_handler
                0x0000000008002f38       0x1c build/sys.o
 .text.__NVIC_SetPriority.constprop.0
                0x0000000008002f54       0x10 build/sys.o
 .text.sys_cfg_pendsv
                0x0000000008002f64        0x4 build/sys.o
 .text.reset_handler
                0x0000000008002f68       0xcc build/sys.o
                0x0000000008002f68                reset_handler
 .text.enter_critical
                0x0000000008003034       0x14 build/sys.o
                0x0000000008003034                enter_critical
 .text.exit_critical
                0x0000000008003048       0x38 build/sys.o
                0x0000000008003048                exit_critical
 .text.sys_ctrl_millis
                0x0000000008003080       0x1c build/sys.o
                0x0000000008003080                sys_ctrl_millis
 .text.pendsv_trigger
                0x000000000800309c       0x10 build/sys.o
                0x000000000800309c                pendsv_trigger
 .text.__NVIC_GetPriorityGrouping
                0x00000000080030ac       0x10 build/io_cfg.o
 .text.LL_AHB2_GRP1_EnableClock
                0x00000000080030bc       0x1c build/io_cfg.o
 .text.LL_GPIO_SetOutputPin
                0x00000000080030d8        0x4 build/io_cfg.o
 .text.LL_GPIO_ResetOutputPin
                0x00000000080030dc        0x4 build/io_cfg.o
 .text.LL_USART_TransmitData8.constprop.0
                0x00000000080030e0        0xc build/io_cfg.o
 .text.LL_USART_ReceiveData8.constprop.0
                0x00000000080030ec        0xc build/io_cfg.o
 .text.LL_USART_EnableIT_RXNE_RXFNE.constprop.0
                0x00000000080030f8       0x18 build/io_cfg.o
 .text.LL_USART_IsActiveFlag_REACK.constprop.0
                0x0000000008003110       0x10 build/io_cfg.o
 .text.LL_USART_IsActiveFlag_TEACK.constprop.0
                0x0000000008003120       0x10 build/io_cfg.o
 .text.LL_USART_IsActiveFlag_TXE_TXFNF.constprop.0
                0x0000000008003130       0x10 build/io_cfg.o
 .text.LL_USART_IsActiveFlag_TC.constprop.0
                0x0000000008003140       0x10 build/io_cfg.o
 .text.LL_USART_IsActiveFlag_RXNE_RXFNE.constprop.0
                0x0000000008003150       0x10 build/io_cfg.o
 .text.LL_USART_ConfigAsyncMode.constprop.0
                0x0000000008003160       0x18 build/io_cfg.o
 .text.LL_USART_SetRXFIFOThreshold.constprop.0
                0x0000000008003178       0x18 build/io_cfg.o
 .text.LL_USART_SetTXFIFOThreshold.constprop.0
                0x0000000008003190       0x18 build/io_cfg.o
 .text.LL_USART_DisableFIFO.constprop.0
                0x00000000080031a8       0x10 build/io_cfg.o
 .text.LL_USART_Enable.constprop.0
                0x00000000080031b8       0x10 build/io_cfg.o
 .text.LL_APB2_GRP1_EnableClock.constprop.0
                0x00000000080031c8       0x20 build/io_cfg.o
 .text.LL_RCC_SetUSARTClockSource.constprop.0
                0x00000000080031e8       0x14 build/io_cfg.o
 .text.NVIC_EncodePriority.constprop.0
                0x00000000080031fc        0x4 build/io_cfg.o
 .text.__NVIC_SetPriority.constprop.0
                0x0000000008003200       0x10 build/io_cfg.o
 .text.__NVIC_EnableIRQ.constprop.0
                0x0000000008003210        0xc build/io_cfg.o
 .text.led_init
                0x000000000800321c       0x4c build/io_cfg.o
                0x000000000800321c                led_init
 .text.led_pc6_on
                0x0000000008003268        0xc build/io_cfg.o
                0x0000000008003268                led_pc6_on
 .text.led_pc6_off
                0x0000000008003274        0xc build/io_cfg.o
                0x0000000008003274                led_pc6_off
 .text.led_pb10_on
                0x0000000008003280       0x10 build/io_cfg.o
                0x0000000008003280                led_pb10_on
 .text.led_pb10_off
                0x0000000008003290       0x10 build/io_cfg.o
                0x0000000008003290                led_pb10_off
 .text.led_pb11_on
                0x00000000080032a0       0x10 build/io_cfg.o
                0x00000000080032a0                led_pb11_on
 .text.led_pb11_off
                0x00000000080032b0       0x10 build/io_cfg.o
                0x00000000080032b0                led_pb11_off
 .text.usart1_init
                0x00000000080032c0       0xbc build/io_cfg.o
                0x00000000080032c0                usart1_init
 .text.usart1_put_char
                0x000000000800337c       0x1c build/io_cfg.o
                0x000000000800337c                usart1_put_char
 .text.usart1_get_char
                0x0000000008003398       0x22 build/io_cfg.o
                0x0000000008003398                usart1_get_char
 .text.io_init  0x00000000080033ba        0x4 build/io_cfg.o
                0x00000000080033ba                io_init
 *fill*         0x00000000080033be        0x2 
 .text.ilog10   0x00000000080033c0       0xd8 build/xprintf.o
 .text.i10x     0x0000000008003498       0x78 build/xprintf.o
 .text.ftoa     0x0000000008003510      0x1d8 build/xprintf.o
 .text.xfputc   0x00000000080036e8       0x30 build/xprintf.o
                0x00000000080036e8                xfputc
 .text.xvfprintf
                0x0000000008003718      0x364 build/xprintf.o
 .text.xprintf  0x0000000008003a7c       0x24 build/xprintf.o
                0x0000000008003a7c                xprintf
 .text._Z6task_av
                0x0000000008003aa0       0x1c build/app.o
                0x0000000008003aa0                task_a()
 .text._Z6task_bv
                0x0000000008003abc       0x1c build/app.o
                0x0000000008003abc                task_b()
 .text._Z6task_cv
                0x0000000008003ad8       0x30 build/app.o
                0x0000000008003ad8                task_c()
 .text.app      0x0000000008003b08       0x68 build/app.o
                0x0000000008003b08                app
 .text.memset   0x0000000008003b70       0xa4 /mnt/d/GaoDen/dev/tools/gcc-arm-none-eabi-10.3-2021.10/arm-none-eabi/lib/thumb/v7e-m+fp/hard/libc.a(lib_a-memset.o)
                0x0000000008003b70                memset
 *(.glue_7)
 .glue_7        0x0000000008003c14        0x0 linker stubs
 *(.glue_7t)
 .glue_7t       0x0000000008003c14        0x0 linker stubs
 *(.eh_frame)
 *(.init)
 *(.fini)
                0x0000000008003c14                . = ALIGN (0x4)
                0x0000000008003c14                _etext = .

.vfp11_veneer   0x0000000008003c14        0x0
 .vfp11_veneer  0x0000000008003c14        0x0 linker stubs

.v4_bx          0x0000000008003c14        0x0
 .v4_bx         0x0000000008003c14        0x0 linker stubs

.iplt           0x0000000008003c14        0x0
 .iplt          0x0000000008003c14        0x0 build/stm32g4xx_ll_gpio.o

.rodata         0x0000000008003c14      0x278
                0x0000000008003c14                . = ALIGN (0x4)
 *(.rodata)
 *(.rodata*)
 .rodata.AHBPrescTable
                0x0000000008003c14       0x10 build/system_stm32g4xx.o
                0x0000000008003c14                AHBPrescTable
 .rodata.APBPrescTable
                0x0000000008003c24        0x8 build/system_stm32g4xx.o
                0x0000000008003c24                APBPrescTable
 .rodata.USART_PRESCALER_TAB
                0x0000000008003c2c       0x30 build/stm32g4xx_ll_usart.o
 .rodata.task_pool_get.str1.1
                0x0000000008003c5c       0x35 build/task.o
 .rodata.task_list_put.str1.1
                0x0000000008003c91        0x5 build/task.o
 .rodata.os_banner.str1.1
                0x0000000008003c96       0x7a build/task.o
                                         0x7c (size before relaxing)
 .rodata.task_info.str1.1
                0x0000000008003d10       0x85 build/task.o
 .rodata.task_stack_overflow.str1.1
                0x0000000008003d95       0x7b build/task.o
 .rodata.task_os_init.str1.1
                0x0000000008003e10       0x1b build/task.o
 .rodata.mailbox_create.str1.1
                0x0000000008003e2b        0x8 build/mailbox.o
                                         0x3a (size before relaxing)
 .rodata.get_pure_msg.str1.1
                0x0000000008003e33        0x4 build/message.o
                                         0x36 (size before relaxing)
 .rodata.timer_event_pool_get.str1.1
                0x0000000008003e37        0x6 build/timer.o
                                         0x38 (size before relaxing)
 .rodata.heap_malloc.str1.1
                0x0000000008003e3d        0x5 build/heap.o
                                         0x37 (size before relaxing)
 .rodata.default_handler.str1.1
                0x0000000008003e42        0x4 build/sys.o
                                         0x36 (size before relaxing)
 .rodata.exit_critical.str1.1
                0x0000000008003e46        0x4 build/sys.o
 .rodata.ftoa.str1.1
                0x0000000008003e4a        0xb build/xprintf.o
 .rodata.xvfprintf.str1.1
                0x0000000008003e55        0xb build/xprintf.o
                                          0x1 (size before relaxing)
 .rodata._Z6task_cv.str1.1
                0x0000000008003e55       0x1f build/app.o
 .rodata.app.str1.1
                0x0000000008003e74       0x15 build/app.o
                0x0000000008003e8c                . = ALIGN (0x4)
 *fill*         0x0000000008003e89        0x3 

.ARM.extab      0x0000000008003e8c        0x0
                0x0000000008003e8c                . = ALIGN (0x4)
 *(.ARM.extab* .gnu.linkonce.armextab.*)
                0x0000000008003e8c                . = ALIGN (0x4)

.ARM            0x0000000008003e8c        0x8
                0x0000000008003e8c                . = ALIGN (0x4)
                0x0000000008003e8c                __exidx_start = .
 *(.ARM.exidx*)
 .ARM.exidx     0x0000000008003e8c        0x8 /mnt/d/GaoDen/dev/tools/gcc-arm-none-eabi-10.3-2021.10/lib/gcc/arm-none-eabi/10.3.1/thumb/v7e-m+fp/hard/libgcc.a(_udivmoddi4.o)
                0x0000000008003e94                __exidx_end = .
                0x0000000008003e94                . = ALIGN (0x4)

.rel.dyn        0x0000000008003e94        0x0
 .rel.iplt      0x0000000008003e94        0x0 build/stm32g4xx_ll_gpio.o

.preinit_array  0x0000000008003e94        0x0
                0x0000000008003e94                . = ALIGN (0x4)
                0x0000000008003e94                PROVIDE (__preinit_array_start = .)
 *(.preinit_array*)
                0x0000000008003e94                PROVIDE (__preinit_array_end = .)
                0x0000000008003e94                . = ALIGN (0x4)

.init_array     0x0000000008003e94        0x0
                0x0000000008003e94                . = ALIGN (0x4)
                0x0000000008003e94                PROVIDE (__init_array_start = .)
 *(SORT_BY_NAME(.init_array.*))
 *(.init_array*)
                0x0000000008003e94                PROVIDE (__init_array_end = .)
                0x0000000008003e94                . = ALIGN (0x4)

.fini_array     0x0000000008003e94        0x0
                0x0000000008003e94                . = ALIGN (0x4)
                [!provide]                        PROVIDE (__fini_array_start = .)
 *(SORT_BY_NAME(.fini_array.*))
 *(.fini_array*)
                [!provide]                        PROVIDE (__fini_array_end = .)
                0x0000000008003e94                . = ALIGN (0x4)

.end_flash      0x0000000008003e94        0x0
                0x0000000008003e94                _end_flash = .

.start_ram      0x0000000020000000        0x0
                0x0000000020000000                _start_ram = .
                0x0000000008003e94                _sidata = LOADADDR (.data)

.data           0x0000000020000000       0x14 load address 0x0000000008003e94
                0x0000000020000000                . = ALIGN (0x4)
                0x0000000020000000                _sdata = .
 *(.data)
 *(.data*)
 .data.SystemCoreClock
                0x0000000020000000        0x4 build/system_stm32g4xx.o
                0x0000000020000000                SystemCoreClock
 .data.uwTickFreq
                0x0000000020000004        0x4 build/stm32g4xx_hal.o
                0x0000000020000004                uwTickFreq
 .data.uwTickPrio
                0x0000000020000008        0x4 build/stm32g4xx_hal.o
                0x0000000020000008                uwTickPrio
 .data.task_os_tick_state
                0x000000002000000c        0x4 build/task.o
 .data.heap_free_minimum_size
                0x0000000020000010        0x4 build/heap.o
 *(.RamFunc)
 *(.RamFunc*)
                0x0000000020000014                . = ALIGN (0x4)
                0x0000000020000014                _edata = .

.igot.plt       0x0000000020000014        0x0 load address 0x0000000008003ea8
 .igot.plt      0x0000000020000014        0x0 build/stm32g4xx_ll_gpio.o
                0x0000000020000014                . = ALIGN (0x4)

.bss            0x0000000020000018     0x45a0 load address 0x0000000008003ea8
                0x0000000020000018                _sbss = .
                0x0000000020000018                __bss_start__ = _sbss
 *(.bss)
 *(.bss*)
 .bss.uwTick    0x0000000020000018        0x4 build/stm32g4xx_hal.o
                0x0000000020000018                uwTick
 .bss.os_state  0x000000002000001c        0x1 build/task.o
 *fill*         0x000000002000001d        0x3 
 .bss.task_link
                0x0000000020000020        0x4 build/task.o
 .bss.task_list_delay
                0x0000000020000024        0x8 build/task.o
 .bss.task_list_ready
                0x000000002000002c       0x60 build/task.o
 .bss.task_list_suspend
                0x000000002000008c        0x8 build/task.o
 .bss.task_os_current
                0x0000000020000094        0x4 build/task.o
                0x0000000020000094                task_os_current
 .bss.task_os_next
                0x0000000020000098        0x4 build/task.o
                0x0000000020000098                task_os_next
 .bss.task_pool
                0x000000002000009c      0x220 build/task.o
 .bss.task_pool_free_list
                0x00000000200002bc        0x4 build/task.o
 .bss.task_pool_used
                0x00000000200002c0        0x4 build/task.o
 .bss.task_ready_mask
                0x00000000200002c4        0x1 build/task.o
 *fill*         0x00000000200002c5        0x3 
 .bss.mailbox_list_head
                0x00000000200002c8        0x4 build/mailbox.o
                0x00000000200002c8                mailbox_list_head
 .bss.common_msg_pool
                0x00000000200002cc      0x140 build/message.o
 .bss.dynamic_msg_pool
                0x000000002000040c       0x50 build/message.o
 .bss.free_list_common_msg_pool
                0x000000002000045c        0x4 build/message.o
 .bss.free_list_common_used
                0x0000000020000460        0x4 build/message.o
 .bss.free_list_dynamic_msg_pool
                0x0000000020000464        0x4 build/message.o
 .bss.free_list_dynamic_msg_used
                0x0000000020000468        0x4 build/message.o
 .bss.free_list_pure_msg_pool
                0x000000002000046c        0x4 build/message.o
 .bss.free_list_pure_msg_used
                0x0000000020000470        0x4 build/message.o
 .bss.pure_msg_pool
                0x0000000020000474       0x30 build/message.o
 .bss.timer_list_head
                0x00000000200004a4        0x4 build/timer.o
                0x00000000200004a4                timer_list_head
 .bss.timer_mailbox
                0x00000000200004a8       0x24 build/timer.o
                0x00000000200004a8                timer_mailbox
 .bss.timer_node_pool
                0x00000000200004cc       0xc0 build/timer.o
 .bss.timer_pool_free
                0x000000002000058c        0x4 build/timer.o
 .bss.timer_tick_irq
                0x0000000020000590       0x10 build/timer.o
 .bss.heap_available_size
                0x00000000200005a0        0x4 build/heap.o
 .bss.heap_buffer_block_pool
                0x00000000200005a4     0x4000 build/heap.o
 .bss.heap_list_head
                0x00000000200045a4        0x4 build/heap.o
 .bss.millis_current
                0x00000000200045a8        0x4 build/sys.o
                0x00000000200045a8                millis_current
 .bss.nest_entry_critical_counter
                0x00000000200045ac        0x4 build/sys.o
 .bss.strptr    0x00000000200045b0        0x4 build/xprintf.o
 .bss.xfunc_output
                0x00000000200045b4        0x4 build/xprintf.o
                0x00000000200045b4                xfunc_output
 *(COMMON)
                0x00000000200045b8                . = ALIGN (0x4)
                0x00000000200045b8                _ebss = .
                0x00000000200045b8                __bss_end__ = _ebss

.heap           0x00000000200045b8      0x400 load address 0x0000000008003ea8
                0x00000000200045b8                __heap_start__ = .
                0x00000000200049b8                . = (. + HEAP_SIZE)
 *fill*         0x00000000200045b8      0x400 
                0x00000000200049b8                . = ALIGN (0x4)
                0x00000000200049b8                __heap_end__ = .
                [!provide]                        PROVIDE (end = __heap_end__)

.end_ram        0x00000000200049b8        0x0 load address 0x0000000008003ea8
                0x00000000200049b8                _end_ram = .

.sstack         0x00000000200049b8        0x0 load address 0x0000000008003ea8
                0x00000000200049b8                _sstack = .
                0x0000000020008000                _estack = (ORIGIN (RAM) + LENGTH (RAM))

/DISCARD/
 libc.a(*)
 libm.a(*)
 libgcc.a(*)

.ARM.attributes
                0x0000000000000000       0x32
 *(.ARM.attributes)
 .ARM.attributes
                0x0000000000000000       0x34 build/system_stm32g4xx.o
 .ARM.attributes
                0x0000000000000034       0x34 build/stm32g4xx_ll_gpio.o
 .ARM.attributes
                0x0000000000000068       0x34 build/stm32g4xx_ll_rcc.o
 .ARM.attributes
                0x000000000000009c       0x34 build/stm32g4xx_ll_usart.o
 .ARM.attributes
                0x00000000000000d0       0x34 build/stm32g4xx_hal.o
 .ARM.attributes
                0x0000000000000104       0x34 build/stm32g4xx_hal_cortex.o
 .ARM.attributes
                0x0000000000000138       0x34 build/stm32g4xx_hal_pwr_ex.o
 .ARM.attributes
                0x000000000000016c       0x34 build/stm32g4xx_hal_rcc.o
 .ARM.attributes
                0x00000000000001a0       0x34 build/task.o
 .ARM.attributes
                0x00000000000001d4       0x34 build/mailbox.o
 .ARM.attributes
                0x0000000000000208       0x34 build/message.o
 .ARM.attributes
                0x000000000000023c       0x34 build/timer.o
 .ARM.attributes
                0x0000000000000270       0x34 build/heap.o
 .ARM.attributes
                0x00000000000002a4       0x34 build/sys.o
 .ARM.attributes
                0x00000000000002d8       0x34 build/io_cfg.o
 .ARM.attributes
                0x000000000000030c       0x34 build/xprintf.o
 .ARM.attributes
                0x0000000000000340       0x34 build/app.o
 .ARM.attributes
                0x0000000000000374       0x1c /mnt/d/GaoDen/dev/tools/gcc-arm-none-eabi-10.3-2021.10/arm-none-eabi/lib/thumb/v7e-m+fp/hard/libc.a(lib_a-memcpy.o)
 .ARM.attributes
                0x0000000000000390       0x34 /mnt/d/GaoDen/dev/tools/gcc-arm-none-eabi-10.3-2021.10/arm-none-eabi/lib/thumb/v7e-m+fp/hard/libc.a(lib_a-memset.o)
 .ARM.attributes
                0x00000000000003c4       0x1c /mnt/d/GaoDen/dev/tools/gcc-arm-none-eabi-10.3-2021.10/arm-none-eabi/lib/thumb/v7e-m+fp/hard/libc.a(lib_a-strlen.o)
 .ARM.attributes
                0x00000000000003e0       0x1e /mnt/d/GaoDen/dev/tools/gcc-arm-none-eabi-10.3-2021.10/lib/gcc/arm-none-eabi/10.3.1/thumb/v7e-m+fp/hard/libgcc.a(_arm_addsubdf3.o)
 .ARM.attributes
                0x00000000000003fe       0x1e /mnt/d/GaoDen/dev/tools/gcc-arm-none-eabi-10.3-2021.10/lib/gcc/arm-none-eabi/10.3.1/thumb/v7e-m+fp/hard/libgcc.a(_arm_muldivdf3.o)
 .ARM.attributes
                0x000000000000041c       0x1e /mnt/d/GaoDen/dev/tools/gcc-arm-none-eabi-10.3-2021.10/lib/gcc/arm-none-eabi/10.3.1/thumb/v7e-m+fp/hard/libgcc.a(_arm_cmpdf2.o)
 .ARM.attributes
                0x000000000000043a       0x1e /mnt/d/GaoDen/dev/tools/gcc-arm-none-eabi-10.3-2021.10/lib/gcc/arm-none-eabi/10.3.1/thumb/v7e-m+fp/hard/libgcc.a(_arm_unorddf2.o)
 .ARM.attributes
                0x0000000000000458       0x1e /mnt/d/GaoDen/dev/tools/gcc-arm-none-eabi-10.3-2021.10/lib/gcc/arm-none-eabi/10.3.1/thumb/v7e-m+fp/hard/libgcc.a(_arm_fixdfsi.o)
 .ARM.attributes
                0x0000000000000476       0x1e /mnt/d/GaoDen/dev/tools/gcc-arm-none-eabi-10.3-2021.10/lib/gcc/arm-none-eabi/10.3.1/thumb/v7e-m+fp/hard/libgcc.a(_aeabi_uldivmod.o)
 .ARM.attributes
                0x0000000000000494       0x34 /mnt/d/GaoDen/dev/tools/gcc-arm-none-eabi-10.3-2021.10/lib/gcc/arm-none-eabi/10.3.1/thumb/v7e-m+fp/hard/libgcc.a(_udivmoddi4.o)
 .ARM.attributes
                0x00000000000004c8       0x1e /mnt/d/GaoDen/dev/tools/gcc-arm-none-eabi-10.3-2021.10/lib/gcc/arm-none-eabi/10.3.1/thumb/v7e-m+fp/hard/libgcc.a(_dvmd_tls.o)
LOAD build/system_stm32g4xx.o
LOAD build/stm32g4xx_ll_pwr.o
LOAD build/stm32g4xx_ll_utils.o
LOAD build/stm32g4xx_ll_gpio.o
LOAD build/stm32g4xx_ll_rcc.o
LOAD build/stm32g4xx_ll_usart.o
LOAD build/stm32g4xx_ll_i2c.o
LOAD build/stm32g4xx_ll_spi.o
LOAD build/stm32g4xx_ll_dma.o
LOAD build/stm32g4xx_hal.o
LOAD build/stm32g4xx_hal_cortex.o
LOAD build/stm32g4xx_hal_pwr_ex.o
LOAD build/stm32g4xx_hal_rcc.o
LOAD build/stm32g4xx_hal_gpio.o
LOAD build/stm32g4xx_hal_spi.o
LOAD build/task.o
LOAD build/mailbox.o
LOAD build/message.o
LOAD build/timer.o
LOAD build/mutex.o
LOAD build/heap.o
LOAD build/sys.o
LOAD build/io_cfg.o
LOAD build/xprintf.o
LOAD build/app.o
LOAD /mnt/d/GaoDen/dev/tools/gcc-arm-none-eabi-10.3-2021.10/arm-none-eabi/lib/thumb/v7e-m+fp/hard/libc.a
LOAD /mnt/d/GaoDen/dev/tools/gcc-arm-none-eabi-10.3-2021.10/arm-none-eabi/lib/thumb/v7e-m+fp/hard/libm.a
LOAD /mnt/d/GaoDen/dev/tools/gcc-arm-none-eabi-10.3-2021.10/arm-none-eabi/lib/thumb/v7e-m+fp/hard/libstdc++_nano.a
LOAD /mnt/d/GaoDen/dev/tools/gcc-arm-none-eabi-10.3-2021.10/lib/gcc/arm-none-eabi/10.3.1/thumb/v7e-m+fp/hard/libgcc.a
LOAD /mnt/d/GaoDen/dev/tools/gcc-arm-none-eabi-10.3-2021.10/lib/gcc/arm-none-eabi/10.3.1/thumb/v7e-m+fp/hard/libgcov.a
LOAD /mnt/d/GaoDen/dev/tools/gcc-arm-none-eabi-10.3-2021.10/arm-none-eabi/lib/thumb/v7e-m+fp/hard/libg.a
LOAD /mnt/d/GaoDen/dev/tools/gcc-arm-none-eabi-10.3-2021.10/arm-none-eabi/lib/thumb/v7e-m+fp/hard/librdpmon.a
OUTPUT(build/rk-base-stm32g431.axf elf32-littlearm)
LOAD linker stubs
LOAD /mnt/d/GaoDen/dev/tools/gcc-arm-none-eabi-10.3-2021.10/arm-none-eabi/lib/thumb/v7e-m+fp/hard/libc.a
LOAD /mnt/d/GaoDen/dev/tools/gcc-arm-none-eabi-10.3-2021.10/arm-none-eabi/lib/thumb/v7e-m+fp/hard/libm.a
LOAD /mnt/d/GaoDen/dev/tools/gcc-arm-none-eabi-10.3-2021.10/lib/gcc/arm-none-eabi/10.3.1/thumb/v7e-m+fp/hard/libgcc.a

.debug_info     0x0000000000000000     0xe845
 .debug_info    0x0000000000000000      0x5ad build/system_stm32g4xx.o
 .debug_info    0x00000000000005ad      0xc8e build/stm32g4xx_ll_gpio.o
 .debug_info    0x000000000000123b     0x101c build/stm32g4xx_ll_rcc.o
 .debug_info    0x0000000000002257      0x9d0 build/stm32g4xx_ll_usart.o
 .debug_info    0x0000000000002c27      0xbc0 build/stm32g4xx_hal.o
 .debug_info    0x00000000000037e7      0xfbe build/stm32g4xx_hal_cortex.o
 .debug_info    0x00000000000047a5      0x9e8 build/stm32g4xx_hal_pwr_ex.o
 .debug_info    0x000000000000518d      0xe8a build/stm32g4xx_hal_rcc.o
 .debug_info    0x0000000000006017     0x1f96 build/task.o
 .debug_info    0x0000000000007fad      0xa0b build/mailbox.o
 .debug_info    0x00000000000089b8      0x987 build/message.o
 .debug_info    0x000000000000933f      0xf7d build/timer.o
 .debug_info    0x000000000000a2bc      0x520 build/heap.o
 .debug_info    0x000000000000a7dc     0x1286 build/sys.o
 .debug_info    0x000000000000ba62     0x178f build/io_cfg.o
 .debug_info    0x000000000000d1f1      0x926 build/xprintf.o
 .debug_info    0x000000000000db17      0xd2e build/app.o

.debug_abbrev   0x0000000000000000     0x2ca6
 .debug_abbrev  0x0000000000000000      0x119 build/system_stm32g4xx.o
 .debug_abbrev  0x0000000000000119      0x29c build/stm32g4xx_ll_gpio.o
 .debug_abbrev  0x00000000000003b5      0x316 build/stm32g4xx_ll_rcc.o
 .debug_abbrev  0x00000000000006cb      0x269 build/stm32g4xx_ll_usart.o
 .debug_abbrev  0x0000000000000934      0x23e build/stm32g4xx_hal.o
 .debug_abbrev  0x0000000000000b72      0x300 build/stm32g4xx_hal_cortex.o
 .debug_abbrev  0x0000000000000e72      0x245 build/stm32g4xx_hal_pwr_ex.o
 .debug_abbrev  0x00000000000010b7      0x283 build/stm32g4xx_hal_rcc.o
 .debug_abbrev  0x000000000000133a      0x40c build/task.o
 .debug_abbrev  0x0000000000001746      0x1ce build/mailbox.o
 .debug_abbrev  0x0000000000001914      0x278 build/message.o
 .debug_abbrev  0x0000000000001b8c      0x2b6 build/timer.o
 .debug_abbrev  0x0000000000001e42      0x1d3 build/heap.o
 .debug_abbrev  0x0000000000002015      0x441 build/sys.o
 .debug_abbrev  0x0000000000002456      0x3b3 build/io_cfg.o
 .debug_abbrev  0x0000000000002809      0x237 build/xprintf.o
 .debug_abbrev  0x0000000000002a40      0x266 build/app.o

.debug_loc      0x0000000000000000     0x5d62
 .debug_loc     0x0000000000000000       0xac build/system_stm32g4xx.o
 .debug_loc     0x00000000000000ac      0x6e5 build/stm32g4xx_ll_gpio.o
 .debug_loc     0x0000000000000791      0x629 build/stm32g4xx_ll_rcc.o
 .debug_loc     0x0000000000000dba      0x479 build/stm32g4xx_ll_usart.o
 .debug_loc     0x0000000000001233      0x23c build/stm32g4xx_hal.o
 .debug_loc     0x000000000000146f      0x57a build/stm32g4xx_hal_cortex.o
 .debug_loc     0x00000000000019e9      0x6a3 build/stm32g4xx_hal_pwr_ex.o
 .debug_loc     0x000000000000208c      0x8c3 build/stm32g4xx_hal_rcc.o
 .debug_loc     0x000000000000294f      0xdfa build/task.o
 .debug_loc     0x0000000000003749      0x3d0 build/mailbox.o
 .debug_loc     0x0000000000003b19      0x526 build/message.o
 .debug_loc     0x000000000000403f      0x591 build/timer.o
 .debug_loc     0x00000000000045d0      0x2ad build/heap.o
 .debug_loc     0x000000000000487d      0x125 build/sys.o
 .debug_loc     0x00000000000049a2      0x2da build/io_cfg.o
 .debug_loc     0x0000000000004c7c     0x10e6 build/xprintf.o

.debug_aranges  0x0000000000000000      0xc70
 .debug_aranges
                0x0000000000000000       0x28 build/system_stm32g4xx.o
 .debug_aranges
                0x0000000000000028       0x70 build/stm32g4xx_ll_gpio.o
 .debug_aranges
                0x0000000000000098      0x178 build/stm32g4xx_ll_rcc.o
 .debug_aranges
                0x0000000000000210       0x88 build/stm32g4xx_ll_usart.o
 .debug_aranges
                0x0000000000000298      0x140 build/stm32g4xx_hal.o
 .debug_aranges
                0x00000000000003d8      0x128 build/stm32g4xx_hal_cortex.o
 .debug_aranges
                0x0000000000000500      0x128 build/stm32g4xx_hal_pwr_ex.o
 .debug_aranges
                0x0000000000000628       0x98 build/stm32g4xx_hal_rcc.o
 .debug_aranges
                0x00000000000006c0      0x188 build/task.o
 .debug_aranges
                0x0000000000000848       0x40 build/mailbox.o
 .debug_aranges
                0x0000000000000888       0xa8 build/message.o
 .debug_aranges
                0x0000000000000930       0x80 build/timer.o
 .debug_aranges
                0x00000000000009b0       0x38 build/heap.o
 .debug_aranges
                0x00000000000009e8       0xc0 build/sys.o
 .debug_aranges
                0x0000000000000aa8      0x120 build/io_cfg.o
 .debug_aranges
                0x0000000000000bc8       0x70 build/xprintf.o
 .debug_aranges
                0x0000000000000c38       0x38 build/app.o

.debug_ranges   0x0000000000000000      0xd28
 .debug_ranges  0x0000000000000000       0x18 build/system_stm32g4xx.o
 .debug_ranges  0x0000000000000018       0xa8 build/stm32g4xx_ll_gpio.o
 .debug_ranges  0x00000000000000c0      0x168 build/stm32g4xx_ll_rcc.o
 .debug_ranges  0x0000000000000228       0x78 build/stm32g4xx_ll_usart.o
 .debug_ranges  0x00000000000002a0      0x130 build/stm32g4xx_hal.o
 .debug_ranges  0x00000000000003d0      0x118 build/stm32g4xx_hal_cortex.o
 .debug_ranges  0x00000000000004e8      0x118 build/stm32g4xx_hal_pwr_ex.o
 .debug_ranges  0x0000000000000600       0x88 build/stm32g4xx_hal_rcc.o
 .debug_ranges  0x0000000000000688      0x1a8 build/task.o
 .debug_ranges  0x0000000000000830       0x78 build/mailbox.o
 .debug_ranges  0x00000000000008a8       0xe0 build/message.o
 .debug_ranges  0x0000000000000988       0xb8 build/timer.o
 .debug_ranges  0x0000000000000a40       0x40 build/heap.o
 .debug_ranges  0x0000000000000a80       0xc8 build/sys.o
 .debug_ranges  0x0000000000000b48      0x158 build/io_cfg.o
 .debug_ranges  0x0000000000000ca0       0x60 build/xprintf.o
 .debug_ranges  0x0000000000000d00       0x28 build/app.o

.debug_line     0x0000000000000000     0x887e
 .debug_line    0x0000000000000000      0x267 build/system_stm32g4xx.o
 .debug_line    0x0000000000000267      0x647 build/stm32g4xx_ll_gpio.o
 .debug_line    0x00000000000008ae      0xc2e build/stm32g4xx_ll_rcc.o
 .debug_line    0x00000000000014dc      0x4e3 build/stm32g4xx_ll_usart.o
 .debug_line    0x00000000000019bf      0x6db build/stm32g4xx_hal.o
 .debug_line    0x000000000000209a      0x832 build/stm32g4xx_hal_cortex.o
 .debug_line    0x00000000000028cc      0x8a4 build/stm32g4xx_hal_pwr_ex.o
 .debug_line    0x0000000000003170      0xd80 build/stm32g4xx_hal_rcc.o
 .debug_line    0x0000000000003ef0     0x11b6 build/task.o
 .debug_line    0x00000000000050a6      0x53f build/mailbox.o
 .debug_line    0x00000000000055e5      0x75d build/message.o
 .debug_line    0x0000000000005d42      0x777 build/timer.o
 .debug_line    0x00000000000064b9      0x4ed build/heap.o
 .debug_line    0x00000000000069a6      0x7f4 build/sys.o
 .debug_line    0x000000000000719a      0x7bc build/io_cfg.o
 .debug_line    0x0000000000007956      0xa08 build/xprintf.o
 .debug_line    0x000000000000835e      0x520 build/app.o

.debug_str      0x0000000000000000     0x3c9c
 .debug_str     0x0000000000000000      0x3a9 build/system_stm32g4xx.o
                                        0x3f3 (size before relaxing)
 .debug_str     0x00000000000003a9      0x1c9 build/stm32g4xx_ll_gpio.o
                                        0x4e3 (size before relaxing)
 .debug_str     0x0000000000000572      0x6a5 build/stm32g4xx_ll_rcc.o
                                        0xa09 (size before relaxing)
 .debug_str     0x0000000000000c17      0x2b1 build/stm32g4xx_ll_usart.o
                                        0x617 (size before relaxing)
 .debug_str     0x0000000000000ec8      0x94d build/stm32g4xx_hal.o
                                        0xc64 (size before relaxing)
 .debug_str     0x0000000000001815      0x483 build/stm32g4xx_hal_cortex.o
                                        0xbc4 (size before relaxing)
 .debug_str     0x0000000000001c98      0x56e build/stm32g4xx_hal_pwr_ex.o
                                        0x7e4 (size before relaxing)
 .debug_str     0x0000000000002206      0x3b3 build/stm32g4xx_hal_rcc.o
                                        0x831 (size before relaxing)
 .debug_str     0x00000000000025b9      0x7f1 build/task.o
                                        0xaab (size before relaxing)
 .debug_str     0x0000000000002daa       0xc8 build/mailbox.o
                                        0x628 (size before relaxing)
 .debug_str     0x0000000000002e72      0x1c3 build/message.o
                                        0x4cc (size before relaxing)
 .debug_str     0x0000000000003035      0x27f build/timer.o
                                        0x7d6 (size before relaxing)
 .debug_str     0x00000000000032b4      0x132 build/heap.o
                                        0x337 (size before relaxing)
 .debug_str     0x00000000000033e6      0x278 build/sys.o
                                        0xcfb (size before relaxing)
 .debug_str     0x000000000000365e      0x251 build/io_cfg.o
                                        0xcd3 (size before relaxing)
 .debug_str     0x00000000000038af      0x140 build/xprintf.o
                                        0x2e4 (size before relaxing)
 .debug_str     0x00000000000039ef      0x2ad build/app.o
                                        0x6e3 (size before relaxing)

.comment        0x0000000000000000       0x49
 .comment       0x0000000000000000       0x49 build/system_stm32g4xx.o
                                         0x4a (size before relaxing)
 .comment       0x0000000000000049       0x4a build/stm32g4xx_ll_gpio.o
 .comment       0x0000000000000049       0x4a build/stm32g4xx_ll_rcc.o
 .comment       0x0000000000000049       0x4a build/stm32g4xx_ll_usart.o
 .comment       0x0000000000000049       0x4a build/stm32g4xx_hal.o
 .comment       0x0000000000000049       0x4a build/stm32g4xx_hal_cortex.o
 .comment       0x0000000000000049       0x4a build/stm32g4xx_hal_pwr_ex.o
 .comment       0x0000000000000049       0x4a build/stm32g4xx_hal_rcc.o
 .comment       0x0000000000000049       0x4a build/task.o
 .comment       0x0000000000000049       0x4a build/mailbox.o
 .comment       0x0000000000000049       0x4a build/message.o
 .comment       0x0000000000000049       0x4a build/timer.o
 .comment       0x0000000000000049       0x4a build/heap.o
 .comment       0x0000000000000049       0x4a build/sys.o
 .comment       0x0000000000000049       0x4a build/io_cfg.o
 .comment       0x0000000000000049       0x4a build/xprintf.o
 .comment       0x0000000000000049       0x4a build/app.o

.debug_frame    0x0000000000000000     0x22e8
 .debug_frame   0x0000000000000000       0x38 build/system_stm32g4xx.o
 .debug_frame   0x0000000000000038      0x114 build/stm32g4xx_ll_gpio.o
 .debug_frame   0x000000000000014c      0x408 build/stm32g4xx_ll_rcc.o
 .debug_frame   0x0000000000000554      0x120 build/stm32g4xx_ll_usart.o
 .debug_frame   0x0000000000000674      0x2b0 build/stm32g4xx_hal.o
 .debug_frame   0x0000000000000924      0x274 build/stm32g4xx_hal_cortex.o
 .debug_frame   0x0000000000000b98      0x268 build/stm32g4xx_hal_pwr_ex.o
 .debug_frame   0x0000000000000e00      0x184 build/stm32g4xx_hal_rcc.o
 .debug_frame   0x0000000000000f84      0x57c build/task.o
 .debug_frame   0x0000000000001500       0xb8 build/mailbox.o
 .debug_frame   0x00000000000015b8      0x1ec build/message.o
 .debug_frame   0x00000000000017a4      0x1a0 build/timer.o
 .debug_frame   0x0000000000001944       0x90 build/heap.o
 .debug_frame   0x00000000000019d4      0x210 build/sys.o
 .debug_frame   0x0000000000001be4      0x25c build/io_cfg.o
 .debug_frame   0x0000000000001e40      0x1a0 build/xprintf.o
 .debug_frame   0x0000000000001fe0       0x78 build/app.o
 .debug_frame   0x0000000000002058       0x2c /mnt/d/GaoDen/dev/tools/gcc-arm-none-eabi-10.3-2021.10/arm-none-eabi/lib/thumb/v7e-m+fp/hard/libc.a(lib_a-memset.o)
 .debug_frame   0x0000000000002084       0xac /mnt/d/GaoDen/dev/tools/gcc-arm-none-eabi-10.3-2021.10/lib/gcc/arm-none-eabi/10.3.1/thumb/v7e-m+fp/hard/libgcc.a(_arm_addsubdf3.o)
 .debug_frame   0x0000000000002130       0x50 /mnt/d/GaoDen/dev/tools/gcc-arm-none-eabi-10.3-2021.10/lib/gcc/arm-none-eabi/10.3.1/thumb/v7e-m+fp/hard/libgcc.a(_arm_muldivdf3.o)
 .debug_frame   0x0000000000002180       0xc4 /mnt/d/GaoDen/dev/tools/gcc-arm-none-eabi-10.3-2021.10/lib/gcc/arm-none-eabi/10.3.1/thumb/v7e-m+fp/hard/libgcc.a(_arm_cmpdf2.o)
 .debug_frame   0x0000000000002244       0x20 /mnt/d/GaoDen/dev/tools/gcc-arm-none-eabi-10.3-2021.10/lib/gcc/arm-none-eabi/10.3.1/thumb/v7e-m+fp/hard/libgcc.a(_arm_unorddf2.o)
 .debug_frame   0x0000000000002264       0x24 /mnt/d/GaoDen/dev/tools/gcc-arm-none-eabi-10.3-2021.10/lib/gcc/arm-none-eabi/10.3.1/thumb/v7e-m+fp/hard/libgcc.a(_arm_fixdfsi.o)
 .debug_frame   0x0000000000002288       0x2c /mnt/d/GaoDen/dev/tools/gcc-arm-none-eabi-10.3-2021.10/lib/gcc/arm-none-eabi/10.3.1/thumb/v7e-m+fp/hard/libgcc.a(_aeabi_uldivmod.o)
 .debug_frame   0x00000000000022b4       0x34 /mnt/d/GaoDen/dev/tools/gcc-arm-none-eabi-10.3-2021.10/lib/gcc/arm-none-eabi/10.3.1/thumb/v7e-m+fp/hard/libgcc.a(_udivmoddi4.o)
