./sdk/STM32G4xx_HAL_Driver/Inc/stm32g4xx_ll_rcc.h:930:22:LL_RCC_HSE_EnableBypass	0	static
./sdk/STM32G4xx_HAL_Driver/Inc/stm32g4xx_ll_rcc.h:940:22:LL_RCC_HSE_DisableBypass	0	static
./sdk/STM32G4xx_HAL_Driver/Inc/stm32g4xx_ll_rcc.h:950:22:LL_RCC_HSE_Enable	0	static
./sdk/STM32G4xx_HAL_Driver/Inc/stm32g4xx_ll_rcc.h:970:26:LL_RCC_HSE_IsReady	0	static
./sdk/STM32G4xx_HAL_Driver/Inc/stm32g4xx_ll_rcc.h:1009:22:LL_RCC_HSI_Enable	0	static
./sdk/STM32G4xx_HAL_Driver/Inc/stm32g4xx_ll_rcc.h:1029:26:LL_RCC_HSI_IsReady	0	static
./sdk/STM32G4xx_HAL_Driver/Inc/stm32g4xx_ll_rcc.h:1359:26:LL_RCC_GetSysClkSource	0	static
./sdk/STM32G4xx_HAL_Driver/Inc/stm32g4xx_ll_rcc.h:1379:22:LL_RCC_SetAHBPrescaler	0	static
./sdk/STM32G4xx_HAL_Driver/Inc/stm32g4xx_ll_rcc.h:1395:22:LL_RCC_SetAPB1Prescaler	0	static
./sdk/STM32G4xx_HAL_Driver/Inc/stm32g4xx_ll_rcc.h:1411:22:LL_RCC_SetAPB2Prescaler	0	static
./sdk/STM32G4xx_HAL_Driver/Inc/stm32g4xx_ll_rcc.h:2063:22:LL_RCC_PLL_Enable	0	static
./sdk/STM32G4xx_HAL_Driver/Inc/stm32g4xx_ll_rcc.h:2084:26:LL_RCC_PLL_IsReady	0	static
./sdk/STM32G4xx_HAL_Driver/Inc/stm32g4xx_ll_rcc.h:2127:22:LL_RCC_PLL_ConfigDomain_SYS	16	static
./sdk/STM32G4xx_HAL_Driver/Inc/stm32g4xx_ll_rcc.h:2456:22:LL_RCC_PLL_EnableDomain_SYS	0	static
./sdk/STM32G4xx_HAL_Driver/Inc/stm32g4xx_ll_system.h:1296:22:LL_FLASH_SetLatency	0	static
./sdk/STM32G4xx_HAL_Driver/Inc/stm32g4xx_ll_system.h:1324:26:LL_FLASH_GetLatency	0	static
./sdk/STM32G4xx_HAL_Driver/Inc/stm32g4xx_ll_pwr.h:330:26:LL_PWR_GetRegulVoltageScaling	0	static
./sdk/STM32G4xx_HAL_Driver/Inc/stm32g4xx_ll_pwr.h:361:26:LL_PWR_IsEnabledRange1BoostMode	0	static
./sdk/STM32G4xx_HAL_Driver/Src/stm32g4xx_ll_utils.c:584:17:UTILS_GetPLLOutputFrequency	0	static
./sdk/STM32G4xx_HAL_Driver/Src/stm32g4xx_ll_utils.c:615:20:UTILS_PLL_IsBusy	8	static
./sdk/STM32G4xx_HAL_Driver/Inc/stm32g4xx_ll_rcc.h:1346:22:LL_RCC_SetSysClkSource.constprop	0	static
./sdk/STM32G4xx_HAL_Driver/Inc/stm32g4xx_ll_utils.h:281:22:LL_InitTick.constprop	0	static
./sdk/STM32G4xx_HAL_Driver/Src/stm32g4xx_ll_utils.c:170:6:LL_Init1msTick	0	static
./sdk/STM32G4xx_HAL_Driver/Src/stm32g4xx_ll_utils.c:186:6:LL_mDelay	8	static
./sdk/STM32G4xx_HAL_Driver/Src/stm32g4xx_ll_utils.c:257:6:LL_SetSystemCoreClock	0	static
./sdk/STM32G4xx_HAL_Driver/Src/stm32g4xx_ll_utils.c:271:13:LL_SetFlashLatency	8	static
./sdk/STM32G4xx_HAL_Driver/Src/stm32g4xx_ll_utils.c:638:20:UTILS_EnablePLLAndSwitchSystem	16	static
./sdk/STM32G4xx_HAL_Driver/Src/stm32g4xx_ll_utils.c:406:13:LL_PLL_ConfigSystemClock_HSI	24	static
./sdk/STM32G4xx_HAL_Driver/Src/stm32g4xx_ll_utils.c:488:13:LL_PLL_ConfigSystemClock_HSE	24	static
