./sdk/STM32G4xx_HAL_Driver/Src/stm32g4xx_hal_spi.c:3933:26:SPI_WaitFlagStateUntilTimeout.constprop	32	static
./sdk/STM32G4xx_HAL_Driver/Src/stm32g4xx_hal_spi.c:4002:26:SPI_WaitFifoStateUntilTimeout.constprop	40	static
./sdk/STM32G4xx_HAL_Driver/Src/stm32g4xx_hal_spi.c:4333:13:SPI_AbortRx_ISR	16	static
./sdk/STM32G4xx_HAL_Driver/Src/stm32g4xx_hal_spi.c:4082:26:SPI_EndRxTransaction	24	static
./sdk/STM32G4xx_HAL_Driver/Src/stm32g4xx_hal_spi.c:4118:26:SPI_EndRxTxTransaction	24	static
./sdk/STM32G4xx_HAL_Driver/Src/stm32g4xx_hal_spi.c:4377:13:SPI_AbortTx_ISR	16	static
./sdk/STM32G4xx_HAL_Driver/Src/stm32g4xx_hal_spi.c:533:13:HAL_SPI_MspInit	0	static
./sdk/STM32G4xx_HAL_Driver/Src/stm32g4xx_hal_spi.c:314:19:HAL_SPI_Init	16	static
./sdk/STM32G4xx_HAL_Driver/Src/stm32g4xx_hal_spi.c:549:13:HAL_SPI_MspDeInit	0	static
./sdk/STM32G4xx_HAL_Driver/Src/stm32g4xx_hal_spi.c:489:19:HAL_SPI_DeInit	8	static
./sdk/STM32G4xx_HAL_Driver/Src/stm32g4xx_hal_spi.c:821:19:HAL_SPI_Transmit	40	static
./sdk/STM32G4xx_HAL_Driver/Src/stm32g4xx_hal_spi.c:1250:19:HAL_SPI_TransmitReceive	32	static
./sdk/STM32G4xx_HAL_Driver/Src/stm32g4xx_hal_spi.c:1007:19:HAL_SPI_Receive	40	static
./sdk/STM32G4xx_HAL_Driver/Src/stm32g4xx_hal_spi.c:1597:19:HAL_SPI_Transmit_IT	8	static
./sdk/STM32G4xx_HAL_Driver/Src/stm32g4xx_hal_spi.c:1783:19:HAL_SPI_TransmitReceive_IT	12	static
./sdk/STM32G4xx_HAL_Driver/Src/stm32g4xx_hal_spi.c:1679:19:HAL_SPI_Receive_IT	12	static
./sdk/STM32G4xx_HAL_Driver/Src/stm32g4xx_hal_spi.c:1889:19:HAL_SPI_Transmit_DMA	16	static
./sdk/STM32G4xx_HAL_Driver/Src/stm32g4xx_hal_spi.c:2150:19:HAL_SPI_TransmitReceive_DMA	16	static
./sdk/STM32G4xx_HAL_Driver/Src/stm32g4xx_hal_spi.c:2010:19:HAL_SPI_Receive_DMA	24	static
./sdk/STM32G4xx_HAL_Driver/Src/stm32g4xx_hal_spi.c:2338:19:HAL_SPI_Abort	24	static
./sdk/STM32G4xx_HAL_Driver/Src/stm32g4xx_hal_spi.c:2659:19:HAL_SPI_DMAPause	0	static
./sdk/STM32G4xx_HAL_Driver/Src/stm32g4xx_hal_spi.c:2679:19:HAL_SPI_DMAResume	0	static
./sdk/STM32G4xx_HAL_Driver/Src/stm32g4xx_hal_spi.c:2699:19:HAL_SPI_DMAStop	16	static
./sdk/STM32G4xx_HAL_Driver/Src/stm32g4xx_hal_spi.c:2846:13:HAL_SPI_TxCpltCallback	0	static
./sdk/STM32G4xx_HAL_Driver/Src/stm32g4xx_hal_spi.c:2862:13:HAL_SPI_RxCpltCallback	0	static
./sdk/STM32G4xx_HAL_Driver/Src/stm32g4xx_hal_spi.c:2878:13:HAL_SPI_TxRxCpltCallback	0	static
./sdk/STM32G4xx_HAL_Driver/Src/stm32g4xx_hal_spi.c:2894:13:HAL_SPI_TxHalfCpltCallback	0	static
./sdk/STM32G4xx_HAL_Driver/Src/stm32g4xx_hal_spi.c:3306:13:SPI_DMAHalfTransmitCplt	8	static
./sdk/STM32G4xx_HAL_Driver/Src/stm32g4xx_hal_spi.c:2910:13:HAL_SPI_RxHalfCpltCallback	0	static
./sdk/STM32G4xx_HAL_Driver/Src/stm32g4xx_hal_spi.c:3324:13:SPI_DMAHalfReceiveCplt	8	static
./sdk/STM32G4xx_HAL_Driver/Src/stm32g4xx_hal_spi.c:2926:13:HAL_SPI_TxRxHalfCpltCallback	0	static
./sdk/STM32G4xx_HAL_Driver/Src/stm32g4xx_hal_spi.c:3342:13:SPI_DMAHalfTransmitReceiveCplt	8	static
./sdk/STM32G4xx_HAL_Driver/Src/stm32g4xx_hal_spi.c:2942:13:HAL_SPI_ErrorCallback	0	static
./sdk/STM32G4xx_HAL_Driver/Src/stm32g4xx_hal_spi.c:4284:13:SPI_CloseTx_ISR	16	static
./sdk/STM32G4xx_HAL_Driver/Src/stm32g4xx_hal_spi.c:3878:13:SPI_TxISR_8BIT	0	static
./sdk/STM32G4xx_HAL_Driver/Src/stm32g4xx_hal_spi.c:3903:13:SPI_TxISR_16BIT	4	static
./sdk/STM32G4xx_HAL_Driver/Src/stm32g4xx_hal_spi.c:4227:13:SPI_CloseRx_ISR	8	static
./sdk/STM32G4xx_HAL_Driver/Src/stm32g4xx_hal_spi.c:3789:13:SPI_RxISR_8BIT	0	static
./sdk/STM32G4xx_HAL_Driver/Src/stm32g4xx_hal_spi.c:3845:13:SPI_RxISR_16BIT	0	static
./sdk/STM32G4xx_HAL_Driver/Src/stm32g4xx_hal_spi.c:4150:13:SPI_CloseRxTx_ISR	8	static
./sdk/STM32G4xx_HAL_Driver/Src/stm32g4xx_hal_spi.c:3621:13:SPI_2linesTxISR_8BIT	0	static
./sdk/STM32G4xx_HAL_Driver/Src/stm32g4xx_hal_spi.c:3536:13:SPI_2linesRxISR_8BIT	0	static
./sdk/STM32G4xx_HAL_Driver/Src/stm32g4xx_hal_spi.c:3724:13:SPI_2linesTxISR_16BIT	4	static
./sdk/STM32G4xx_HAL_Driver/Src/stm32g4xx_hal_spi.c:3668:13:SPI_2linesRxISR_16BIT	4	static
./sdk/STM32G4xx_HAL_Driver/Src/stm32g4xx_hal_spi.c:3360:13:SPI_DMAError	8	static
./sdk/STM32G4xx_HAL_Driver/Src/stm32g4xx_hal_spi.c:3032:13:SPI_DMATransmitCplt	24	static
./sdk/STM32G4xx_HAL_Driver/Src/stm32g4xx_hal_spi.c:3089:13:SPI_DMAReceiveCplt	16	static
./sdk/STM32G4xx_HAL_Driver/Src/stm32g4xx_hal_spi.c:3206:13:SPI_DMATransmitReceiveCplt	16	static
./sdk/STM32G4xx_HAL_Driver/Src/stm32g4xx_hal_spi.c:2739:6:HAL_SPI_IRQHandler	40	static
./sdk/STM32G4xx_HAL_Driver/Src/stm32g4xx_hal_spi.c:3383:13:SPI_DMAAbortOnError	8	static
./sdk/STM32G4xx_HAL_Driver/Src/stm32g4xx_hal_spi.c:2960:13:HAL_SPI_AbortCpltCallback	0	static
./sdk/STM32G4xx_HAL_Driver/Src/stm32g4xx_hal_spi.c:2498:19:HAL_SPI_Abort_IT	32	static
./sdk/STM32G4xx_HAL_Driver/Src/stm32g4xx_hal_spi.c:3471:13:SPI_DMARxAbortCallback	16	static
./sdk/STM32G4xx_HAL_Driver/Src/stm32g4xx_hal_spi.c:3405:13:SPI_DMATxAbortCallback	16	static
./sdk/STM32G4xx_HAL_Driver/Src/stm32g4xx_hal_spi.c:2995:22:HAL_SPI_GetState	0	static
./sdk/STM32G4xx_HAL_Driver/Src/stm32g4xx_hal_spi.c:3007:10:HAL_SPI_GetError	0	static
