sys.c:386:6:svc_handler	0	static
sys.c:390:6:debug_mon_handler	0	static
sys.c:277:6:sys_cfg_tick	16	static
sys.c:243:6:sys_cfg_clock	88	static
sys.c:327:6:usart1_irq_handler	16	static
sys.c:362:6:default_handler	8	static
sys.c:382:6:usage_fault_handler	8	static
sys.c:378:6:bus_fault_handler	8	static
sys.c:374:6:mem_manage_handler	8	static
sys.c:370:6:hardfault_handler	8	static
sys.c:366:6:nmi_handler	8	static
sys.c:402:6:system_tick_handler	8	static
./sdk/CMSIS/Include/core_cm4.h:1809:22:__NVIC_SetPriority.constprop	0	static
sys.c:293:6:sys_cfg_pendsv	0	static
sys.c:64:6:reset_handler	16	static
sys.c:300:6:sys_ctrl_delay_ms	32	static
sys.c:333:6:enable_interrupts	0	static
sys.c:337:6:disable_interrupts	0	static
sys.c:341:6:enter_critical	0	static
sys.c:348:6:exit_critical	8	static
sys.c:319:10:sys_ctrl_millis	16	static
sys.c:394:6:pendsv_trigger	0	static
