../../../sources/src/task.c:1237:6:task_os_idle	0	static
../../../sources/src/task.c:150:8:task_pool_get	8	static
../../../sources/src/task.c:120:6:task_pool_init	16	static
../../../sources/src/task.c:177:6:task_pool_free	16	static
../../../sources/src/task.c:196:9:task_pool_get_free_size	16	static
../../../sources/src/task.c:212:6:task_list_init	0	static
../../../sources/src/task.c:224:6:task_list_put	16	static
../../../sources/src/task.c:254:8:task_list_get	16	static
../../../sources/src/task.c:287:8:task_list_get_head	16	static
../../../sources/src/task.c:302:6:task_list_remove	16	static
../../../sources/src/task.c:347:6:task_list_force_remove	8	static
../../../sources/src/task.c:366:8:task_list_get_higher_priority	8	static
../../../sources/src/task.c:397:6:task_list_is_available	0	static
../../../sources/src/task.c:444:12:os_get_state	0	static
../../../sources/src/task.c:886:6:task_os_tick_idle	8	static
../../../sources/src/task.c:454:6:os_set_state	0	static
../../../sources/src/task.c:463:6:os_banner	8	static
../../../sources/src/task.c:770:6:task_os_pendsv_trigger	0	static
../../../sources/src/task.c:782:29:task_os_pendsv_handler	0	static
../../../sources/src/task.c:816:6:task_os_jump_psp	0	static
../../../sources/src/task.c:843:6:task_os_run	16	static
../../../sources/src/task.c:877:6:task_os_tick	0	static
../../../sources/src/task.c:941:6:task_os_scheduler	16	static
../../../sources/src/task.c:657:6:task_os_delete	16	static
../../../sources/src/task.c:704:6:task_os_suspend	16	static
../../../sources/src/task.c:1032:6:task_post	24	static
../../../sources/src/task.c:1099:11:task_receive_msg	16	static
../../../sources/src/task.c:1119:6:task_free_msg	0	static
../../../sources/src/task.c:1132:6:task_info	32	static
../../../sources/src/task.c:1168:8:task_os_get_current_tcb	0	static
../../../sources/src/task.c:1178:9:task_os_get_current_task_id	16	static
../../../sources/src/task.c:1054:6:task_post_pure_msg	16	static
../../../sources/src/task.c:1069:6:task_post_common_msg	32	static
../../../sources/src/task.c:1085:6:task_post_dynamic_msg	24	static
../../../sources/src/task.c:1192:6:task_stack_overflow	8	static
../../../sources/src/task.c:1213:6:task_os_set_mask	8	static
../../../sources/src/task.c:411:6:task_ready_put	16	static
../../../sources/src/task.c:543:6:task_os_create	40	static
../../../sources/src/task.c:482:6:task_os_init	24	static
../../../sources/src/task.c:633:6:task_os_create_table	32	static
../../../sources/src/task.c:737:6:task_os_resume	16	static
../../../sources/src/task.c:997:6:task_os_delay_tick.constprop	16	static
../../../sources/src/task.c:903:6:task_os_tick_run	24	static
../../../sources/src/task.c:1225:6:task_os_clear_mask	8	static
../../../sources/src/task.c:427:6:task_ready_remove	16	static
../../../sources/src/task.c:970:6:task_os_delay	16	static
